// Jest Snapshot v1, https://goo.gl/fbAQLP

exports[`can export a route tree 1`] = `
"import * as _default from '../../example/_module.svelte'
import * as _default_admin from '../../example/admin/_reset.svelte'
import * as _default_index_svelte from '../../example/index.svelte'
import * as _default_admin_index_svelte from '../../example/admin/index.svelte'
import * as _default_admin_page_svelte from '../../example/admin/page.svelte'
import * as _default_blog__slug__svelte from '../../example/blog/[slug].svelte'
import * as _default_blog_prefixed_slug__svelte from '../../example/blog/prefixed[slug].svelte'

export const routes = {
  \\"id\\": \\"_default\\",
  \\"component\\": () => _default,
  \\"meta\\": {},
  \\"rootName\\": \\"default\\",
  \\"file\\": {
    \\"path\\": \\"test/unit/exporter/example/_module.svelte\\",
    \\"dir\\": \\"test/unit/exporter/example\\",
    \\"base\\": \\"_module.svelte\\",
    \\"ext\\": \\".svelte\\",
    \\"name\\": \\"_module\\"
  },
  \\"children\\": [
    {
      \\"id\\": \\"_default_admin\\",
      \\"name\\": \\"admin\\",
      \\"component\\": () => _default_admin,
      \\"meta\\": {
        \\"reset\\": {
          \\"value\\": true
        }
      },
      \\"file\\": {
        \\"path\\": \\"test/unit/exporter/example/admin/_reset.svelte\\",
        \\"dir\\": \\"test/unit/exporter/example/admin\\",
        \\"base\\": \\"_reset.svelte\\",
        \\"ext\\": \\".svelte\\",
        \\"name\\": \\"_reset\\"
      },
      \\"children\\": [
        {
          \\"id\\": \\"_default_admin_index_svelte\\",
          \\"name\\": \\"index\\",
          \\"component\\": () => _default_admin_index_svelte,
          \\"meta\\": {},
          \\"file\\": {
            \\"path\\": \\"test/unit/exporter/example/admin/index.svelte\\",
            \\"dir\\": \\"test/unit/exporter/example/admin\\",
            \\"base\\": \\"index.svelte\\",
            \\"ext\\": \\".svelte\\",
            \\"name\\": \\"index\\"
          },
          \\"children\\": []
        },
        {
          \\"id\\": \\"_default_admin_page_svelte\\",
          \\"name\\": \\"page\\",
          \\"component\\": () => _default_admin_page_svelte,
          \\"meta\\": {},
          \\"file\\": {
            \\"path\\": \\"test/unit/exporter/example/admin/page.svelte\\",
            \\"dir\\": \\"test/unit/exporter/example/admin\\",
            \\"base\\": \\"page.svelte\\",
            \\"ext\\": \\".svelte\\",
            \\"name\\": \\"page\\"
          },
          \\"children\\": []
        }
      ]
    },
    {
      \\"id\\": \\"_default_blog\\",
      \\"name\\": \\"blog\\",
      \\"component\\": false,
      \\"meta\\": {},
      \\"file\\": {
        \\"path\\": \\"test/unit/exporter/example/blog\\",
        \\"dir\\": \\"test/unit/exporter/example\\",
        \\"base\\": \\"blog\\",
        \\"ext\\": \\"\\",
        \\"name\\": \\"blog\\"
      },
      \\"children\\": [
        {
          \\"id\\": \\"_default_blog__slug__svelte\\",
          \\"name\\": \\"[slug]\\",
          \\"component\\": () => _default_blog__slug__svelte,
          \\"meta\\": {
            \\"dynamic\\": {
              \\"value\\": true
            }
          },
          \\"file\\": {
            \\"path\\": \\"test/unit/exporter/example/blog/[slug].svelte\\",
            \\"dir\\": \\"test/unit/exporter/example/blog\\",
            \\"base\\": \\"[slug].svelte\\",
            \\"ext\\": \\".svelte\\",
            \\"name\\": \\"[slug]\\"
          },
          \\"children\\": []
        },
        {
          \\"id\\": \\"_default_blog_prefixed_slug__svelte\\",
          \\"name\\": \\"prefixed[slug]\\",
          \\"component\\": () => _default_blog_prefixed_slug__svelte,
          \\"meta\\": {
            \\"dynamic\\": {
              \\"value\\": true
            }
          },
          \\"file\\": {
            \\"path\\": \\"test/unit/exporter/example/blog/prefixed[slug].svelte\\",
            \\"dir\\": \\"test/unit/exporter/example/blog\\",
            \\"base\\": \\"prefixed[slug].svelte\\",
            \\"ext\\": \\".svelte\\",
            \\"name\\": \\"prefixed[slug]\\"
          },
          \\"children\\": []
        }
      ]
    },
    {
      \\"id\\": \\"_default_index_svelte\\",
      \\"name\\": \\"index\\",
      \\"component\\": () => _default_index_svelte,
      \\"meta\\": {},
      \\"file\\": {
        \\"path\\": \\"test/unit/exporter/example/index.svelte\\",
        \\"dir\\": \\"test/unit/exporter/example\\",
        \\"base\\": \\"index.svelte\\",
        \\"ext\\": \\".svelte\\",
        \\"name\\": \\"index\\"
      },
      \\"children\\": []
    }
  ]
}"
`;
